******************************************************************************
                  TI ARM Linker PC v20.2.7                     
******************************************************************************
>> Linked Tue Apr 22 20:24:14 2025

OUTPUT FILE NAME:   <TivaWeather.out>
ENTRY POINT SYMBOL: "_c_int00_noinit_noargs"  address: 000004b1


MEMORY CONFIGURATION

         name            origin    length      used     unused   attr    fill
----------------------  --------  ---------  --------  --------  ----  --------
  FLASH                 00000000   00100000  00000514  000ffaec  R  X
  SRAM                  20000000   00040000  00000200  0003fe00  RW X


SEGMENT ALLOCATION MAP

run origin  load origin   length   init length attrs members
----------  ----------- ---------- ----------- ----- -------
00000000    00000000    00000514   00000514    r-x
  00000000    00000000    00000208   00000208    r-- .intvecs
  00000208    00000208    0000030c   0000030c    r-x .text
20000000    20000000    00000200   00000000    rw-
  20000000    20000000    00000200   00000000    rw- .stack


SECTION ALLOCATION MAP

 output                                  attributes/
section   page    origin      length       input sections
--------  ----  ----------  ----------   ----------------
.intvecs   0    00000000    00000208     
                  00000000    00000208     tm4c1294ncpdt_startup_ccs.obj (.intvecs)

.text      0    00000208    0000030c     
                  00000208    000001a0     LCD.obj (.text)
                  000003a8    000000b8     ADC.obj (.text)
                  00000460    00000050     TempSensor.obj (.text)
                  000004b0    0000002c     rtsv7M4_T_le_v4SPD16_eabi.lib : boot_cortex_m.c.obj (.text:_c_int00_noinit_noargs:_c_int00_noinit_noargs)
                  000004dc    00000018     GPIO.obj (.text)
                  000004f4    0000000c     main.obj (.text)
                  00000500    0000000c     tm4c1294ncpdt_startup_ccs.obj (.text)
                  0000050c    00000004     rtsv7M4_T_le_v4SPD16_eabi.lib : pre_init.c.obj (.text:_system_pre_init)
                  00000510    00000004                                   : exit.c.obj (.text:abort:abort)

.cinit     0    00000000    00000000     UNINITIALIZED

.init_array 
*          0    00000000    00000000     UNINITIALIZED

.stack     0    20000000    00000200     UNINITIALIZED
                  20000000    00000004     rtsv7M4_T_le_v4SPD16_eabi.lib : boot_cortex_m.c.obj (.stack)
                  20000004    000001fc     --HOLE--

__llvm_prf_cnts 
*          0    20000000    00000000     UNINITIALIZED

MODULE SUMMARY

       Module                          code   ro data   rw data
       ------                          ----   -------   -------
    .\
       tm4c1294ncpdt_startup_ccs.obj   12     520       0      
       LCD.obj                         416    0         0      
       ADC.obj                         184    0         0      
       TempSensor.obj                  80     0         0      
       GPIO.obj                        24     0         0      
       main.obj                        12     0         0      
    +--+-------------------------------+------+---------+---------+
       Total:                          728    520       0      
                                                               
    C:\ti\ccs1260\ccs\tools\compiler\ti-cgt-arm_20.2.7.LTS\lib\rtsv7M4_T_le_v4SPD16_eabi.lib
       boot_cortex_m.c.obj             44     0         0      
       exit.c.obj                      4      0         0      
       pre_init.c.obj                  4      0         0      
    +--+-------------------------------+------+---------+---------+
       Total:                          52     0         0      
                                                               
       Stack:                          0      0         512    
    +--+-------------------------------+------+---------+---------+
       Grand Total:                    780    520       512    


GLOBAL SYMBOLS: SORTED ALPHABETICALLY BY Name 

address   name                      
-------   ----                      
00000511  C$$EXIT                   
00000209  LCD_init                  
00000501  ResetISR                  
00000461  TempSensorInit            
20000200  __STACK_END               
00000200  __STACK_SIZE              
20000200  __STACK_TOP               
ffffffff  __TI_pprof_out_hndl       
ffffffff  __TI_prof_data_size       
ffffffff  __TI_prof_data_start      
00000000  __TI_static_base__        
ffffffff  __binit__                 
ffffffff  __c_args__                
UNDEFED   __mpu_init                
20000000  __stack                   
20000000  __start___llvm_prf_cnts   
20000000  __stop___llvm_prf_cnts    
000004b1  _c_int00_noinit_noargs    
0000050d  _system_pre_init          
00000511  abort                     
000003cf  adc_module_init           
000003e7  adc_sequencer_init        
ffffffff  binit                     
000003a9  configure_PLL             
000002e5  delay                     
00000000  g_pfnVectors              
000004dd  gpio_port_init            
000002c5  latch_CS_LCD              
000004f5  main                      
000002db  poll_transmission_complete
000002d1  poll_tx_buffer            
00000325  send_LCD_command          
000002b9  unlatch_CS_LCD            


GLOBAL SYMBOLS: SORTED BY Symbol Address 

address   name                      
-------   ----                      
00000000  __TI_static_base__        
00000000  g_pfnVectors              
00000200  __STACK_SIZE              
00000209  LCD_init                  
000002b9  unlatch_CS_LCD            
000002c5  latch_CS_LCD              
000002d1  poll_tx_buffer            
000002db  poll_transmission_complete
000002e5  delay                     
00000325  send_LCD_command          
000003a9  configure_PLL             
000003cf  adc_module_init           
000003e7  adc_sequencer_init        
00000461  TempSensorInit            
000004b1  _c_int00_noinit_noargs    
000004dd  gpio_port_init            
000004f5  main                      
00000501  ResetISR                  
0000050d  _system_pre_init          
00000511  C$$EXIT                   
00000511  abort                     
20000000  __stack                   
20000000  __start___llvm_prf_cnts   
20000000  __stop___llvm_prf_cnts    
20000200  __STACK_END               
20000200  __STACK_TOP               
ffffffff  __TI_pprof_out_hndl       
ffffffff  __TI_prof_data_size       
ffffffff  __TI_prof_data_start      
ffffffff  __binit__                 
ffffffff  __c_args__                
ffffffff  binit                     
UNDEFED   __mpu_init                

[33 symbols]
