******************************************************************************
                  TI ARM Linker PC v20.2.7                     
******************************************************************************
>> Linked Fri Apr 25 08:57:14 2025

OUTPUT FILE NAME:   <TivaWeather.out>
ENTRY POINT SYMBOL: "_c_int00_noinit_noargs"  address: 000007dd


MEMORY CONFIGURATION

         name            origin    length      used     unused   attr    fill
----------------------  --------  ---------  --------  --------  ----  --------
  FLASH                 00000000   00100000  00000854  000ff7ac  R  X
  SRAM                  20000000   00040000  00000200  0003fe00  RW X


SEGMENT ALLOCATION MAP

run origin  load origin   length   init length attrs members
----------  ----------- ---------- ----------- ----- -------
00000000    00000000    00000854   00000854    r-x
  00000000    00000000    00000208   00000208    r-- .intvecs
  00000208    00000208    0000064c   0000064c    r-x .text
20000000    20000000    00000200   00000000    rw-
  20000000    20000000    00000200   00000000    rw- .stack


SECTION ALLOCATION MAP

 output                                  attributes/
section   page    origin      length       input sections
--------  ----  ----------  ----------   ----------------
.intvecs   0    00000000    00000208     
                  00000000    00000208     tm4c1294ncpdt_startup_ccs.obj (.intvecs)

.text      0    00000208    0000064c     
                  00000208    00000136     rtsv7M4_T_le_v4SPD16_eabi.lib : fd_div_t2.asm.obj (.text)
                  0000033e    000000fc                                   : fd_mul_t2.asm.obj (.text)
                  0000043a    00000002     --HOLE-- [fill = 0]
                  0000043c    000000c4     main.obj (.text)
                  00000500    000000bc     UART.obj (.text)
                  000005bc    000000b8     ADC.obj (.text)
                  00000674    000000aa     library.obj (.text)
                  0000071e    0000006e     rtsv7M4_T_le_v4SPD16_eabi.lib : fd_tos_t2.asm.obj (.text)
                  0000078c    00000050     TempSensor.obj (.text)
                  000007dc    0000002c     rtsv7M4_T_le_v4SPD16_eabi.lib : boot_cortex_m.c.obj (.text:_c_int00_noinit_noargs:_c_int00_noinit_noargs)
                  00000808    00000020                                   : u_tofd_t2.asm.obj (.text)
                  00000828    00000018     GPIO.obj (.text)
                  00000840    0000000c     tm4c1294ncpdt_startup_ccs.obj (.text)
                  0000084c    00000004     rtsv7M4_T_le_v4SPD16_eabi.lib : pre_init.c.obj (.text:_system_pre_init)
                  00000850    00000004                                   : exit.c.obj (.text:abort:abort)

.cinit     0    00000000    00000000     UNINITIALIZED

.init_array 
*          0    00000000    00000000     UNINITIALIZED

.stack     0    20000000    00000200     UNINITIALIZED
                  20000000    00000004     rtsv7M4_T_le_v4SPD16_eabi.lib : boot_cortex_m.c.obj (.stack)
                  20000004    000001fc     --HOLE--

__llvm_prf_cnts 
*          0    20000000    00000000     UNINITIALIZED

MODULE SUMMARY

       Module                          code   ro data   rw data
       ------                          ----   -------   -------
    .\
       tm4c1294ncpdt_startup_ccs.obj   12     520       0      
       main.obj                        196    0         0      
       UART.obj                        188    0         0      
       ADC.obj                         184    0         0      
       library.obj                     170    0         0      
       TempSensor.obj                  80     0         0      
       GPIO.obj                        24     0         0      
    +--+-------------------------------+------+---------+---------+
       Total:                          854    520       0      
                                                               
    C:\ti\ccs1260\ccs\tools\compiler\ti-cgt-arm_20.2.7.LTS\lib\rtsv7M4_T_le_v4SPD16_eabi.lib
       fd_div_t2.asm.obj               310    0         0      
       fd_mul_t2.asm.obj               252    0         0      
       fd_tos_t2.asm.obj               110    0         0      
       boot_cortex_m.c.obj             44     0         0      
       u_tofd_t2.asm.obj               32     0         0      
       exit.c.obj                      4      0         0      
       pre_init.c.obj                  4      0         0      
    +--+-------------------------------+------+---------+---------+
       Total:                          756    0         0      
                                                               
       Stack:                          0      0         512    
    +--+-------------------------------+------+---------+---------+
       Grand Total:                    1610   520       512    


GLOBAL SYMBOLS: SORTED ALPHABETICALLY BY Name 

address   name                   
-------   ----                   
00000851  C$$EXIT                
00000841  ResetISR               
0000078d  TempSensorInit         
00000501  UART0_init             
20000200  __STACK_END            
00000200  __STACK_SIZE           
20000200  __STACK_TOP            
ffffffff  __TI_pprof_out_hndl    
ffffffff  __TI_prof_data_size    
ffffffff  __TI_prof_data_start   
00000000  __TI_static_base__     
0000071f  __aeabi_d2f            
00000209  __aeabi_ddiv           
0000033f  __aeabi_dmul           
00000809  __aeabi_ui2d           
ffffffff  __binit__              
ffffffff  __c_args__             
UNDEFED   __mpu_init             
20000000  __stack                
20000000  __start___llvm_prf_cnts
20000000  __stop___llvm_prf_cnts 
000007dd  _c_int00_noinit_noargs 
0000084d  _system_pre_init       
00000851  abort                  
000005e3  adc_module_init        
000005fb  adc_sequencer_init     
ffffffff  binit                  
000005bd  configure_PLL          
00000000  g_pfnVectors           
00000829  gpio_port_init         
00000675  int2string             
0000043d  main                   
00000553  output_character       
0000056f  output_string          


GLOBAL SYMBOLS: SORTED BY Symbol Address 

address   name                   
-------   ----                   
00000000  __TI_static_base__     
00000000  g_pfnVectors           
00000200  __STACK_SIZE           
00000209  __aeabi_ddiv           
0000033f  __aeabi_dmul           
0000043d  main                   
00000501  UART0_init             
00000553  output_character       
0000056f  output_string          
000005bd  configure_PLL          
000005e3  adc_module_init        
000005fb  adc_sequencer_init     
00000675  int2string             
0000071f  __aeabi_d2f            
0000078d  TempSensorInit         
000007dd  _c_int00_noinit_noargs 
00000809  __aeabi_ui2d           
00000829  gpio_port_init         
00000841  ResetISR               
0000084d  _system_pre_init       
00000851  C$$EXIT                
00000851  abort                  
20000000  __stack                
20000000  __start___llvm_prf_cnts
20000000  __stop___llvm_prf_cnts 
20000200  __STACK_END            
20000200  __STACK_TOP            
ffffffff  __TI_pprof_out_hndl    
ffffffff  __TI_prof_data_size    
ffffffff  __TI_prof_data_start   
ffffffff  __binit__              
ffffffff  __c_args__             
ffffffff  binit                  
UNDEFED   __mpu_init             

[34 symbols]
